../Core/Src/main.c:129:6:HAL_GPIO_EXTI_Callback	16	static
../Core/Src/main.c:140:5:main	8	static
../Core/Src/main.c:237:6:SystemClock_Config	88	static
../Core/Src/main.c:295:13:MX_ADC1_Init	24	static
../Core/Src/main.c:347:13:MX_ETH_Init	8	static
../Core/Src/main.c:396:13:MX_USART3_UART_Init	8	static
../Core/Src/main.c:431:13:MX_USB_OTG_FS_PCD_Init	8	static
../Core/Src/main.c:466:13:MX_GPIO_Init	56	static
../Core/Src/main.c:531:6:StartADCTask	24	static
../Core/Src/main.c:562:6:StartCalcTask	24	static
../Core/Src/main.c:589:6:StartSendTask	88	static
../Core/Src/main.c:620:6:HAL_TIM_PeriodElapsedCallback	16	static
../Core/Src/main.c:637:6:Error_Handler	4	static,ignoring_inline_asm
