../Core/Src/main.c:97:5:__io_putchar	16	static
../Core/Src/main.c:125:5:main	8	static
../Core/Src/main.c:218:6:SystemClock_Config	88	static
../Core/Src/main.c:276:13:MX_ETH_Init	8	static
../Core/Src/main.c:325:13:MX_USART3_UART_Init	8	static
../Core/Src/main.c:360:13:MX_USB_OTG_FS_PCD_Init	8	static
../Core/Src/main.c:395:13:MX_GPIO_Init	56	static
../Core/Src/main.c:456:6:StartDefaultTask	80	static
../Core/Src/main.c:486:6:StartTask02	80	static
../Core/Src/main.c:516:6:StartTask03	80	static
../Core/Src/main.c:547:6:HAL_TIM_PeriodElapsedCallback	16	static
../Core/Src/main.c:564:6:Error_Handler	4	static,ignoring_inline_asm
