../Core/Src/main.c:108:6:HAL_GPIO_EXTI_Callback	16	static
../Core/Src/main.c:119:5:main	8	static
../Core/Src/main.c:209:6:SystemClock_Config	88	static
../Core/Src/main.c:267:13:MX_ETH_Init	8	static
../Core/Src/main.c:316:13:MX_USART3_UART_Init	8	static
../Core/Src/main.c:351:13:MX_USB_OTG_FS_PCD_Init	8	static
../Core/Src/main.c:386:13:MX_GPIO_Init	56	static
../Core/Src/main.c:451:6:StartDefaultTask	80	static
../Core/Src/main.c:476:6:StartTask02	80	static
../Core/Src/main.c:502:6:HAL_TIM_PeriodElapsedCallback	16	static
../Core/Src/main.c:519:6:Error_Handler	4	static,ignoring_inline_asm
