../Core/Src/main.c:122:6:HAL_GPIO_EXTI_Callback	2
../Core/Src/main.c:133:5:main	1
../Core/Src/main.c:231:6:SystemClock_Config	4
../Core/Src/main.c:289:13:MX_ADC1_Init	3
../Core/Src/main.c:341:13:MX_ETH_Init	2
../Core/Src/main.c:390:13:MX_USART3_UART_Init	2
../Core/Src/main.c:425:13:MX_USB_OTG_FS_PCD_Init	2
../Core/Src/main.c:460:13:MX_GPIO_Init	1
../Core/Src/main.c:525:6:StartTaskP	3
../Core/Src/main.c:558:6:StartTaskC	4
../Core/Src/main.c:602:6:HAL_TIM_PeriodElapsedCallback	2
../Core/Src/main.c:619:6:Error_Handler	1
